2026.09.10 15:30:00 [TRTM][INFO ] Tier 3 FIRE: SELL group 4 leg(s) (anchor L1 slice 0.02 of 0.05 + 3 profitable) | sliced-VWAP 1.23337 far 1.23097 margin 239.8 pts >= 200/lot
2026.09.10 15:30:00 [TRTM][INFO ] Closed L6 ticket 2948199392 @ 0.00000
2026.09.10 15:30:01 [TRTM][INFO ] Closed L5 ticket 2945177271 @ 0.00000
2026.09.10 15:30:01 [TRTM][INFO ] Closed L4 ticket 2944616107 @ 0.00000
2026.09.10 15:30:01 [TRTM][INFO ] Tier 3: sliced L1 ticket 2940935091 by 0.02 lot (remaining 0.05) @ 0.00000
2026.09.10 15:30:01 [TRTM][INFO ] Liveness: L6 ticket 2948199392 closed by EA (market close) - removed from sequence
2026.09.10 15:30:01 [TRTM][INFO ] Liveness: L5 ticket 2945177271 closed by EA (market close) - removed from sequence
2026.09.10 15:30:01 [TRTM][INFO ] Liveness: L4 ticket 2944616107 closed by EA (market close) - removed from sequence
2026.09.10 15:30:01 [TRTM][INFO ] Structure: 3 level(s), 0.16 lots | projected at TP +18.63 | at SL n/a
2026.09.10 15:30:01 [TRTM][INFO ] Exits applied to ticket 2942227144: TP 1.22496 SL none
2026.09.10 15:30:02 [TRTM][INFO ] Exits applied to ticket 2943049148: TP 1.22496 SL none
2026.09.10 15:30:02 [TRTM][INFO ] Exits applied to ticket 2940935091: TP 1.22496 SL none
2026.09.10 15:30:02 [TRTM][INFO ] Recovery signal: PERIOD_M15 bar closed 1.23355 vs trigger 1.23146 (worst entry 1.22916 + 230 pts)
2026.09.10 15:30:02 [TRTM][WARN ] Recovery L4 FORFEITED: fill-side price 1.23115 does not satisfy trigger 1.23146 (spread pushes entry inside the interval). Interval is a minimum entry distance - next qualifying bar close awaited.
2026.09.10 15:30:02 [TRTM][INFO ] Exits applied to ticket 2942227144: TP 1.22530 SL none
2026.09.10 15:30:02 [TRTM][INFO ] Exits applied to ticket 2943049148: TP 1.22530 SL none
2026.09.10 15:30:03 [TRTM][INFO ] Exits applied to ticket 2940935091: TP 1.22530 SL none
2026.09.10 15:45:00 [TRTM][INFO ] Recovery signal: PERIOD_M15 bar closed 1.23388 vs trigger 1.23146 (worst entry 1.22916 + 230 pts)
2026.09.10 15:45:00 [TRTM][INFO ] Recovery L4 OPENED: 0.06 lots SELL @ 0.00000 (deal 0)
2026.09.10 15:45:00 [TRTM][INFO ] Recovery L4: order accepted but no position yet (asynchronous fill) - the watcher will register it as soon as it appears
2026.09.10 15:45:01 [TRTM][INFO ] Watcher: L4 REGISTERED ticket 2951273826 0.06 lots @ 1.23388
2026.09.10 15:45:01 [TRTM][INFO ] Structure: 4 level(s), 0.20 lots | projected at TP +23.24 | at SL n/a
2026.09.10 15:45:01 [TRTM][INFO ] Exits applied to ticket 2942227144: TP 1.22727 SL none
2026.09.10 15:45:01 [TRTM][INFO ] Exits applied to ticket 2943049148: TP 1.22727 SL none
2026.09.10 15:45:02 [TRTM][INFO ] Exits applied to ticket 2940935091: TP 1.22727 SL none
2026.09.10 15:45:02 [TRTM][INFO ] Exits applied to ticket 2951273826: TP 1.22727 SL none
