2026.09.18 05:15:00 [TRTM][INFO ] Log cleanup: 1 file(s) older than 14d deleted (oldest kept: 20260907)
2026.09.18 05:15:00 [TRTM][INFO ] Recovery signal: PERIOD_M15 bar closed 1.24466 vs trigger 1.24421 (worst entry 1.24171 + 250 pts)
2026.09.18 05:15:00 [TRTM][INFO ] Recovery L9 OPENED: 0.09 lots SELL @ 0.00000 (deal 0)
2026.09.18 05:15:00 [TRTM][INFO ] Recovery L9: order accepted but no position yet (asynchronous fill) - the watcher will register it as soon as it appears
2026.09.18 05:15:02 [TRTM][INFO ] Watcher: L9 REGISTERED ticket 2963521986 0.09 lots @ 1.24463
2026.09.18 05:15:02 [TRTM][INFO ] Structure: 9 level(s), 0.58 lots | projected at TP +66.18 | at SL n/a
2026.09.18 05:15:02 [TRTM][INFO ] Exits applied to ticket 2942227144: TP 1.23404 SL none
2026.09.18 05:15:02 [TRTM][INFO ] Exits applied to ticket 2943049148: TP 1.23404 SL none
2026.09.18 05:15:03 [TRTM][INFO ] Exits applied to ticket 2953979514: TP 1.23404 SL none
2026.09.18 05:15:03 [TRTM][INFO ] Exits applied to ticket 2955129458: TP 1.23404 SL none
2026.09.18 05:15:03 [TRTM][INFO ] Exits applied to ticket 2957808329: TP 1.23404 SL none
2026.09.18 05:15:03 [TRTM][INFO ] Exits applied to ticket 2959798311: TP 1.23404 SL none
2026.09.18 05:15:03 [TRTM][INFO ] Exits applied to ticket 2940935091: TP 1.23404 SL none
2026.09.18 05:15:04 [TRTM][INFO ] Exits applied to ticket 2961928246: TP 1.23404 SL none
2026.09.18 05:15:04 [TRTM][INFO ] Exits applied to ticket 2963521986: TP 1.23404 SL none
2026.09.18 08:41:02 [TRTM][INFO ] Deinit (reason 5) - state saved (sequence alive)
2026.09.18 08:41:02 [TRTM][INFO ] === TRTM b41 init === symbol=AUDNZDS (raw AUDNZD.s) magic=709170 stateFile=TRTM\state_AUDNZDS_709170.json
2026.09.18 08:41:02 [TRTM][INFO ] Instance lock acquired (no existing lock)
2026.09.18 08:41:02 [TRTM][INFO ] State persistence self-test: PASS
2026.09.18 08:41:02 [TRTM][INFO ] Reconcile: restored adopted L1 ticket 2940935091 from state file
2026.09.18 08:41:02 [TRTM][INFO ] Reconcile: flags restored (trailOverride=F beOverride=F trailingActive=F beApplied=F)
2026.09.18 08:41:02 [TRTM][INFO ] Structure: 9 level(s), 0.58 lots | projected at TP +66.26 | at SL n/a
2026.09.18 08:41:02 [TRTM][INFO ] Reconcile complete: dir=SELL levels=9 (adopted L1)
2026.09.18 08:41:02 [TRTM][INFO ] Broker exit geometry (at init): stops level 25 pts, freeze level 0 pts (dynamic on this broker) - TP/SL closer than 25 pts to price are DEFERRED until placeable
2026.09.18 08:41:02 [TRTM][INFO ] Init complete - b41 (adoption, exits, recovery active)
2026.09.18 23:54:59 [TRTM][INFO ] Deinit (reason 9) - state saved (sequence alive)
2026.09.18 23:54:59 [TRTM][INFO ] === TRTM b41 init === symbol=AUDNZDS (raw AUDNZD.s) magic=709170 stateFile=TRTM\state_AUDNZDS_709170.json
2026.09.18 23:54:59 [TRTM][INFO ] Instance lock acquired (no existing lock)
2026.09.18 23:54:59 [TRTM][INFO ] State persistence self-test: PASS
2026.09.18 23:54:59 [TRTM][WARN ] Reconcile: recorded adopted L1 ticket 2940935091 no longer exists - closed while EA was offline
2026.09.18 23:54:59 [TRTM][WARN ] Reconcile: file claims 9 level(s) but broker is flat - sequence closed while EA was offline
2026.09.18 23:54:59 [TRTM][INFO ] Reconcile complete: FLAT
2026.09.18 23:54:59 [TRTM][WARN ] Guard A: computed L1 lot below broker minimum 0.01 for the current risk config - opening the minimum would exceed the configured amount. Entries BLOCKED until risk/balance changes (flat).
2026.09.18 23:54:59 [TRTM][INFO ] Broker exit geometry (at init): stops level 25 pts, freeze level 0 pts (dynamic on this broker) - TP/SL closer than 25 pts to price are DEFERRED until placeable
2026.09.18 23:54:59 [TRTM][INFO ] Init complete - b41 (adoption, exits, recovery active)
