--- Log started: 2026.04.08 00:00 ---
[2026.04.08 00:00:06] SKIP | MT4#278067268 | GBPAUD | P0 pair not in allowed list.
[2026.04.08 00:00:28] SKIP | MT4#278067622 | EURGBP | P0 pair not in allowed list.
[2026.04.08 03:30:11] OPENED | MT4#278244567 | AUDCHF | P1 MT5 pos #1540849212 | SELL AUDCHF.s | Lots:0.03 | L2 | Group:FOREX | SL:0.00000 TP:0.00000
[2026.04.08 03:30:14] MODIFIED | MT4#278244567 | AUDCHF.s | MT5 #1540849212 | SL:0.75364 TP:0.55499
[2026.04.08 04:00:03] OPENED | MT4#278285924 | EURUSD | P0 MT5 pos #1541029957 | SELL EURUSD.s | Lots:0.01 | L1 | Group:FOREX | SL:0.00000 TP:0.00000
[2026.04.08 04:00:03] SKIP | MT4#278285925 | AUDCAD | P0 pair not in allowed list.
[2026.04.08 04:00:03] SKIP | MT4#278286041 | GBPUSD | P0 pair not in allowed list.
[2026.04.08 04:00:03] MODIFIED | MT4#278285924 | EURUSD.s | MT5 #1541029957 | SL:1.35951 TP:1.15884
[2026.04.08 04:00:12] SKIP | MT4#278286541 | AUDUSD | P0 pair not in allowed list.
[2026.04.08 04:15:24] SKIP | MT4#278303137 | USDCAD | P0 pair not in allowed list.
[2026.04.08 04:16:20] SKIP | MT4#278304895 | NZDUSD | P0 pair not in allowed list.
[2026.04.08 04:45:27] SKIP | MT4#278328786 | EURAUD | P0 pair not in allowed list.
[2026.04.08 05:06:03] ERROR | MT4#278244567 | AUDCHF.s | Modify FAILED on MT5 #1540849212. Err:4756 | SL:0.75364 TP:0.55490
[2026.04.08 05:06:42] ERROR | MT4#277884532 | EURCHF.s | Modify FAILED on MT5 #1538678823. Err:4756 | SL:1.12301 TP:0.92456
[2026.04.08 05:06:50] SKIP | MT4#278336882 | EURGBP | P0 pair not in allowed list.
[2026.04.08 06:15:02] OPENED | MT4#278366180 | XAUUSD | P0 MT5 pos #1541347041 | SELL XAUUSD.s | Lots:0.01 | L1 | Group:GOLD | SL:0.00000 TP:0.00000
[2026.04.08 06:15:02] MODIFIED | MT4#278366180 | XAUUSD.s | MT5 #1541347041 | SL:4932.15000 TP:4731.48000
[2026.04.08 06:15:09] INFO | MT4#278366180 | XAUUSD | P0 MT5 pos #1541347041 not found — may have closed via SL/TP.
[2026.04.08 06:15:09] SLOT_FREE | MT4#278366180 | XAUUSD | Phase 0 slot freed for XAUUSD.
[2026.04.08 06:45:03] OPENED | MT4#278429700 | XAUUSD | P0 MT5 pos #1541572350 | SELL XAUUSD.s | Lots:0.01 | L1 | Group:GOLD | SL:0.00000 TP:0.00000
[2026.04.08 06:45:03] P0_AUTOCLOSE_TRIGGER | MT4#278429702 | EURUSD | 0.02 lots >= Phase0CloseTriggerLot — bypass ON, positions kept open. Pause counter running.
[2026.04.08 06:45:03] AUTOCLOSE_EVENT | MT4#0 |  | Phase 0 autoclose count in window: 1 / 2
[2026.04.08 06:45:04] OPENED | MT4#278429702 | EURUSD | P1 MT5 pos #1541572432 | SELL EURUSD.s | Lots:0.03 | L2 | Group:FOREX | SL:0.00000 TP:0.00000
[2026.04.08 06:45:04] SKIP | MT4#278429756 | GBPUSD | Phase 1 pair limit reached (3).
[2026.04.08 06:45:04] SKIP | MT4#278429836 | AUDCAD | Phase 1 pair limit reached (3).
[2026.04.08 06:45:05] MODIFIED | MT4#278429700 | XAUUSD.s | MT5 #1541572350 | SL:4970.14000 TP:4769.47000
[2026.04.08 06:45:07] MODIFIED | MT4#278285924 | EURUSD.s | MT5 #1541029957 | SL:1.35951 TP:1.16265
[2026.04.08 06:45:07] MODIFIED | MT4#278429702 | EURUSD.s | MT5 #1541572432 | SL:1.35951 TP:1.16265
[2026.04.08 06:45:17] SKIP | MT4#278430168 | GBPCAD | P0 pair not in allowed list.
[2026.04.08 06:45:26] SKIP | MT4#278430316 | EURCAD | P0 pair not in allowed list.
[2026.04.08 06:45:27] SKIP | MT4#278430328 | AUDUSD | Phase 1 pair limit reached (3).
[2026.04.08 06:45:28] SKIP | MT4#278430335 | GBPAUD | P0 pair not in allowed list.
[2026.04.08 06:45:39] SKIP | MT4#278430485 | EURAUD | Phase 1 pair limit reached (3).
[2026.04.08 06:45:47] OPENED | MT4#278430584 | AUDCHF | P1 MT5 pos #1541573345 | SELL AUDCHF.s | Lots:0.03 | L3 | Group:FOREX | SL:0.00000 TP:0.00000
[2026.04.08 06:45:52] MODIFIED | MT4#278244567 | AUDCHF.s | MT5 #1540849212 | SL:0.75364 TP:0.55715
[2026.04.08 06:45:53] MODIFIED | MT4#278430584 | AUDCHF.s | MT5 #1541573345 | SL:0.75364 TP:0.55715
[2026.04.08 06:45:57] SKIP | MT4#278430675 | USDCAD | P0 pair not in allowed list.
[2026.04.08 06:46:13] OPENED | MT4#278430830 | USDCHF | P0 MT5 pos #1541573834 | BUY USDCHF.s | Lots:0.01 | L1 | Group:FOREX | SL:0.00000 TP:0.00000
[2026.04.08 06:46:14] MODIFIED | MT4#278430830 | USDCHF.s | MT5 #1541573834 | SL:0.59458 TP:0.79524
[2026.04.08 06:46:20] SKIP | MT4#278431112 | NZDUSD | P0 pair not in allowed list.
[2026.04.08 06:46:36] SKIP | MT4#278431280 | NZDCHF | P0 pair not in allowed list.
[2026.04.08 06:46:48] INFO | MT4#278429700 | XAUUSD | P0 MT5 pos #1541572350 not found — may have closed via SL/TP.
[2026.04.08 06:46:48] SLOT_FREE | MT4#278429700 | XAUUSD | Phase 0 slot freed for XAUUSD.
[2026.04.08 07:00:02] OPENED | MT4#278465121 | XAUUSD | P0 MT5 pos #1541698542 | SELL XAUUSD.s | Lots:0.01 | L1 | Group:GOLD | SL:0.00000 TP:0.00000
[2026.04.08 07:00:03] ERROR | MT4#278465121 | XAUUSD.s | Modify FAILED on MT5 #1541698542. Err:4756 | SL:5018.32000 TP:4817.65000
[2026.04.08 07:00:16] CLOSED | MT4#278465121 | XAUUSD | P0 MT5 pos #1541698542 closed.
[2026.04.08 07:00:16] SLOT_FREE | MT4#278465121 | XAUUSD | Phase 0 slot freed for XAUUSD.
[2026.04.08 07:00:49] SKIP | MT4#278467808 | GBPNZD | P0 pair not in allowed list.
[2026.04.08 07:02:04] SKIP | MT4#278470801 | CADCHF | P0 pair not in allowed list.
[2026.04.08 07:15:59] SKIP | MT4#278504719 | AUDCAD | Phase 1 pair limit reached (3).
[2026.04.08 07:16:12] INFO | MT4#277884532 | EURCHF | P1 MT5 pos #1538678823 not found — may have closed via SL/TP.
[2026.04.08 07:16:12] SLOT_FREE | MT4#277884532 | EURCHF | Phase 1 slot freed for EURCHF.
[2026.04.08 07:16:17] SKIP | MT4#278505590 | GBPAUD | P0 pair not in allowed list.
[2026.04.08 07:16:39] OPENED | MT4#278506324 | AUDUSD | P1 MT5 pos #1541821974 | SELL AUDUSD.s | Lots:0.03 | L3 | Group:FOREX | SL:0.00000 TP:0.00000
[2026.04.08 07:16:43] MODIFIED | MT4#278506324 | AUDUSD.s | MT5 #1541821974 | SL:0.89695 TP:0.70385
[2026.04.08 07:33:17] SKIP | MT4#278534092 | NZDUSD | Phase 1 pair limit reached (3).
[2026.04.08 07:46:19] P0_AUTOCLOSE_TRIGGER | MT4#278549962 | EURUSD | 0.03 lots >= Phase0CloseTriggerLot — bypass overridden (P1 full), closing Phase 0 positions.
[2026.04.08 07:46:19] P0_CLOSED | MT4#0 | EURUSD.s | Position #1541029957 closed (Phase 0 autoclose).
[2026.04.08 07:46:19] P0_CLOSE_DONE | MT4#0 | EURUSD | Phase 0 close complete. 1 position(s) closed.
[2026.04.08 07:46:19] AUTOCLOSE_EVENT | MT4#0 |  | Phase 0 autoclose count in window: 2 / 2
[2026.04.08 07:46:19] PHASE0_PAUSED | MT4#0 |  | Paused until 2026.04.09 07:46 | 2 events in 1 day(s)
[2026.04.08 07:46:20] OPENED | MT4#278549962 | EURUSD | P1 MT5 pos #1541969349 | SELL EURUSD.s | Lots:0.03 | L3 | Group:FOREX | SL:0.00000 TP:0.00000
[2026.04.08 07:46:24] MODIFIED | MT4#278429702 | EURUSD.s | MT5 #1541572432 | SL:1.35951 TP:1.16582
[2026.04.08 07:46:24] MODIFIED | MT4#278549962 | EURUSD.s | MT5 #1541969349 | SL:1.35951 TP:1.16582
[2026.04.08 07:47:50] P0_AUTOCLOSE_TRIGGER | MT4#278551625 | USDCHF | 0.02 lots >= Phase0CloseTriggerLot — bypass overridden (P1 full), closing Phase 0 positions.
[2026.04.08 07:47:50] P0_CLOSED | MT4#0 | USDCHF.s | Position #1541573834 closed (Phase 0 autoclose).
[2026.04.08 07:47:50] P0_CLOSE_DONE | MT4#0 | USDCHF | Phase 0 close complete. 1 position(s) closed.
[2026.04.08 07:47:50] AUTOCLOSE_EVENT | MT4#0 |  | Phase 0 autoclose count in window: 3 / 2
[2026.04.08 07:47:50] PHASE0_PAUSED | MT4#0 |  | Paused until 2026.04.09 07:47 | 3 events in 1 day(s)
[2026.04.08 07:47:50] SKIP | MT4#278551625 | USDCHF | Phase 1 pair limit reached (3).
[2026.04.08 08:00:01] SKIP | MT4#278570318 | XAUUSD | Phase 0 paused until 2026.04.09 07:47.
[2026.04.08 08:01:14] SKIP | MT4#278575319 | GBPUSD | Phase 1 pair limit reached (3).
