--- Log started: 2026.03.31 00:00 ---
[2026.03.31 05:07:01] MODIFIED | MT4#270578588 | EURGBP.s | MT5 #989356270 | SL:1.06583 TP:0.86730
[2026.03.31 09:30:01] SKIP | MT4#272096729 | XAUUSD | Level 1 (0.01 lots) — not in copy range [L2-L4].
[2026.03.31 09:30:01] SKIP | MT4#272096745 | EURUSD | Level 1 (0.01 lots) — not in copy range [L2-L4].
[2026.03.31 09:45:00] SKIP | MT4#272127723 | XAUUSD | Level 1 (0.01 lots) — not in copy range [L2-L4].
[2026.03.31 15:45:04] SKIP | MT4#272428959 | AUDNZD | Level 1 (0.01 lots) — not in copy range [L2-L4].
[2026.03.31 16:00:11] SKIP | MT4#272437859 | AUDCHF | Level 1 (0.01 lots) — not in copy range [L2-L4].
[2026.03.31 16:45:04] SKIP | MT4#272470343 | GBPCAD | Level 1 (0.01 lots) — not in copy range [L2-L4].
--- ShadowTechnique stopped. Reason: 2 ---
--- ShadowTechnique started: 2026.03.31 16:58 ---
--- ShadowTechnique stopped. Reason: 5 ---
--- ShadowTechnique started: 2026.03.31 17:02 ---
[2026.03.31 18:15:24] OPENED | MT4#272526184 | USDCHF | P0 MT5 pos #1503127180 | SELL USDCHF.s | Lots:0.01 | L1 | Group:FOREX | SL:0.00000 TP:0.00000
[2026.03.31 18:15:24] MODIFIED | MT4#272526184 | USDCHF.s | MT5 #1503127180 | SL:1.00071 TP:0.80005
[2026.03.31 19:30:03] OPENED | MT4#272604961 | AUDCAD | P0 MT5 pos #1503707028 | SELL AUDCAD.s | Lots:0.01 | L1 | Group:FOREX | SL:0.00000 TP:0.00000
[2026.03.31 19:30:03] MODIFIED | MT4#272604961 | AUDCAD.s | MT5 #1503707028 | SL:1.15796 TP:0.95727
[2026.03.31 19:30:13] OPENED | MT4#272605551 | AUDCHF | P0 MT5 pos #1503708764 | SELL AUDCHF.s | Lots:0.01 | L1 | Group:FOREX | SL:0.00000 TP:0.00000
[2026.03.31 19:30:13] MODIFIED | MT4#272605551 | AUDCHF.s | MT5 #1503708764 | SL:0.74990 TP:0.54924
[2026.03.31 19:41:48] INFO | MT4#272526184 | USDCHF | P0 MT5 pos #1503127180 not found — may have closed via SL/TP.
[2026.03.31 19:41:48] SLOT_FREE | MT4#272526184 | USDCHF | Phase 0 slot freed for USDCHF.
[2026.03.31 19:45:06] OPENED | MT4#272625610 | GBPCAD | P0 MT5 pos #1503846294 | SELL GBPCAD.s | Lots:0.01 | L1 | Group:FOREX | SL:0.00000 TP:0.00000
[2026.03.31 19:45:06] MODIFIED | MT4#272625610 | GBPCAD.s | MT5 #1503846294 | SL:2.04353 TP:1.84284
[2026.03.31 19:45:08] SKIP | MT4#272625664 | AUDUSD | Phase 0 pair limit reached (3).
[2026.03.31 20:00:38] SKIP | MT4#272640837 | EURCHF | Phase 0 pair limit reached (3).
[2026.03.31 20:30:01] SKIP | MT4#272683214 | EURUSD | Phase 0 pair limit reached (3).
[2026.03.31 20:45:01] SKIP | MT4#272697603 | GBPUSD | Phase 0 pair limit reached (3).
[2026.03.31 21:30:44] OPENED | MT4#272740854 | EURCHF | P1 MT5 pos #1504546664 | SELL EURCHF.s | Lots:0.03 | L2 | Group:FOREX | SL:0.00000 TP:0.00000
[2026.03.31 21:30:49] MODIFIED | MT4#272740854 | EURCHF.s | MT5 #1504546664 | SL:1.11894 TP:0.92026
[2026.03.31 22:00:06] P0_AUTOCLOSE_TRIGGER | MT4#272786780 | GBPCAD | 0.02 lots >= Phase0CloseTriggerLot — closing Phase 0 positions.
[2026.03.31 22:00:06] P0_CLOSE_DONE | MT4#0 | GBPCAD | Phase 0 close complete. 0 position(s) closed.
[2026.03.31 22:00:06] AUTOCLOSE_EVENT | MT4#0 |  | Phase 0 autoclose count in window: 1 / 3
[2026.03.31 22:00:07] OPENED | MT4#272786780 | GBPCAD | P1 MT5 pos #1504857467 | SELL GBPCAD.s | Lots:0.03 | L2 | Group:FOREX | SL:0.00000 TP:0.00000
[2026.03.31 22:00:12] INFO | MT4#272625610 | GBPCAD | MODIFY deferred — MT5 pos #1503846294 not yet visible. Will retry (10 attempts).
[2026.03.31 22:00:12] MODIFIED | MT4#272786780 | GBPCAD.s | MT5 #1504857467 | SL:2.04353 TP:1.84582
[2026.03.31 22:00:13] INFO | MT4#272625610 | GBPCAD | Deferred MODIFY retry — MT5 pos #1503846294 still not visible. 9 attempts left.
[2026.03.31 22:00:16] INFO | MT4#272625610 | GBPCAD | Deferred MODIFY retry — MT5 pos #1503846294 still not visible. 6 attempts left.
[2026.03.31 22:00:19] INFO | MT4#272625610 | GBPCAD | Deferred MODIFY retry — MT5 pos #1503846294 still not visible. 3 attempts left.
[2026.03.31 22:00:22] INFO | MT4#272625610 | GBPCAD.s | === DIAG START === storedTicket=1503846294 | PositionSelectByTicket=NO
[2026.03.31 22:00:22] INFO | MT4#272625610 | GBPCAD.s | PositionsTotal()=5 | MagicFilter=98765 | ExpectedSymbol=GBPCAD.s
[2026.03.31 22:00:22] INFO | MT4#272625610 | GBPCAD.s |   POS[0] ticket=989356270 ident=989356270 sym=EURGBP.s magic=98765 type=SELL lots=0.03 SL=1.06583 TP=0.86730
[2026.03.31 22:00:22] INFO | MT4#272625610 | GBPCAD.s |   POS[1] ticket=1503707028 ident=1503707028 sym=AUDCAD.s magic=98765 type=SELL lots=0.01 SL=1.15796 TP=0.95727
[2026.03.31 22:00:22] INFO | MT4#272625610 | GBPCAD.s |   POS[2] ticket=1503708764 ident=1503708764 sym=AUDCHF.s magic=98765 type=SELL lots=0.01 SL=0.74990 TP=0.54924
[2026.03.31 22:00:22] INFO | MT4#272625610 | GBPCAD.s |   POS[3] ticket=1504546664 ident=1504546664 sym=EURCHF.s magic=98765 type=SELL lots=0.03 SL=1.11894 TP=0.92026
[2026.03.31 22:00:22] INFO | MT4#272625610 | GBPCAD.s |   POS[4] ticket=1504857467 ident=1504857467 sym=GBPCAD.s magic=98765 type=SELL lots=0.03 SL=2.04353 TP=1.84582
[2026.03.31 22:00:22] INFO | MT4#272625610 | GBPCAD.s |   No matching deals found in last 5 minutes.
[2026.03.31 22:00:22] INFO | MT4#272625610 | GBPCAD.s | === DIAG END ===
[2026.03.31 22:00:22] INFO | MT4#272625610 | GBPCAD | Deferred MODIFY: MT5 pos #1503846294 not visible after all retries — MODIFY dropped. Position left intact.
[2026.03.31 22:00:55] SKIP | MT4#272790009 | NZDCAD | Phase 0 pair limit reached (3).
[2026.03.31 22:07:15] INFO | MT4#272625610 | GBPCAD | P0 MT5 pos #1503846294 not found — may have closed via SL/TP.
[2026.03.31 22:07:15] SLOT_FREE | MT4#272625610 | GBPCAD | Phase 0 slot freed for GBPCAD.
[2026.03.31 22:07:15] INFO | MT4#272786780 | GBPCAD | P1 MT5 pos #1504857467 not found — may have closed via SL/TP.
[2026.03.31 22:07:15] SLOT_FREE | MT4#272786780 | GBPCAD | Phase 1 slot freed for GBPCAD.
[2026.03.31 22:30:02] OPENED | MT4#272837492 | EURUSD | P1 MT5 pos #1505139294 | SELL EURUSD.s | Lots:0.03 | L2 | Group:FOREX | SL:0.00000 TP:0.00000
[2026.03.31 22:30:07] OPENED | MT4#272838026 | GBPCAD | P0 MT5 pos #1505141925 | SELL GBPCAD.s | Lots:0.01 | L1 | Group:FOREX | SL:0.00000 TP:0.00000
[2026.03.31 22:30:07] MODIFIED | MT4#272838026 | GBPCAD.s | MT5 #1505141925 | SL:2.04785 TP:1.84716
[2026.03.31 22:30:08] MODIFIED | MT4#272837492 | EURUSD.s | MT5 #1505139294 | SL:1.35041 TP:1.15238
[2026.03.31 22:30:53] OPENED | MT4#272838657 | EURGBP | P1 MT5 pos #1505145238 | SELL EURGBP.s | Lots:0.04 | L3 | Group:FOREX | SL:0.00000 TP:0.00000
[2026.03.31 22:30:58] MODIFIED | MT4#270578588 | EURGBP.s | MT5 #989356270 | SL:1.06583 TP:0.86890
[2026.03.31 22:30:58] MODIFIED | MT4#272838657 | EURGBP.s | MT5 #1505145238 | SL:1.06583 TP:0.86890
[2026.03.31 22:36:52] INFO | MT4#272838026 | GBPCAD | P0 MT5 pos #1505141925 not found — may have closed via SL/TP.
[2026.03.31 22:36:52] SLOT_FREE | MT4#272838026 | GBPCAD | Phase 0 slot freed for GBPCAD.
[2026.03.31 22:42:22] INFO | MT4#272837492 | EURUSD | P1 MT5 pos #1505139294 not found — may have closed via SL/TP.
[2026.03.31 22:42:22] SLOT_FREE | MT4#272837492 | EURUSD | Phase 1 slot freed for EURUSD.
[2026.03.31 22:54:59] INFO | MT4#272604961 | AUDCAD | P0 MT5 pos #1503707028 not found — may have closed via SL/TP.
[2026.03.31 22:54:59] SLOT_FREE | MT4#272604961 | AUDCAD | Phase 0 slot freed for AUDCAD.
[2026.03.31 23:00:14] OPENED | MT4#272880879 | EURAUD | P0 MT5 pos #1505411168 | SELL EURAUD.s | Lots:0.01 | L1 | Group:FOREX | SL:0.00000 TP:0.00000
[2026.03.31 23:00:14] MODIFIED | MT4#272880879 | EURAUD.s | MT5 #1505411168 | SL:1.88213 TP:1.68143
[2026.03.31 23:00:25] OPENED | MT4#272881075 | USDCHF | P0 MT5 pos #1505412864 | SELL USDCHF.s | Lots:0.01 | L1 | Group:FOREX | SL:0.00000 TP:0.00000
[2026.03.31 23:00:25] MODIFIED | MT4#272881075 | USDCHF.s | MT5 #1505412864 | SL:1.00352 TP:0.80286
[2026.03.31 23:00:31] SKIP | MT4#272881481 | CADCHF | Phase 0 pair limit reached (3).
[2026.03.31 23:00:40] OPENED | MT4#272881595 | EURCHF | P1 MT5 pos #1505415750 | SELL EURCHF.s | Lots:0.04 | L3 | Group:FOREX | SL:0.00000 TP:0.00000
[2026.03.31 23:00:43] MODIFIED | MT4#272740854 | EURCHF.s | MT5 #1504546664 | SL:1.11894 TP:0.92302
[2026.03.31 23:00:44] MODIFIED | MT4#272881595 | EURCHF.s | MT5 #1505415750 | SL:1.11894 TP:0.92302
[2026.03.31 23:00:50] SKIP | MT4#272881839 | EURGBP | Level 5 (0.04 lots) — not in copy range [L2-L4].
[2026.03.31 23:00:56] MODIFIED | MT4#270578588 | EURGBP.s | MT5 #989356270 | SL:1.06583 TP:0.87099
[2026.03.31 23:00:57] MODIFIED | MT4#272838657 | EURGBP.s | MT5 #1505145238 | SL:1.06583 TP:0.87099
[2026.03.31 23:02:35] INFO | MT4#272880879 | EURAUD | P0 MT5 pos #1505411168 not found — may have closed via SL/TP.
[2026.03.31 23:02:35] SLOT_FREE | MT4#272880879 | EURAUD | Phase 0 slot freed for EURAUD.
[2026.03.31 23:17:36] INFO | MT4#272881075 | USDCHF | P0 MT5 pos #1505412864 not found — may have closed via SL/TP.
[2026.03.31 23:17:36] SLOT_FREE | MT4#272881075 | USDCHF | Phase 0 slot freed for USDCHF.
--- Log rolled to new day: 20260401 ---
