--- Log started: 2026.04.01 00:00 ---
[2026.04.01 00:45:03] OPENED | MT4#272988803 | EURUSD | P0 MT5 pos #1506110565 | SELL EURUSD.s | Lots:0.01 | L1 | Group:FOREX | SL:0.00000 TP:0.00000
[2026.04.01 00:45:03] MODIFIED | MT4#272988803 | EURUSD.s | MT5 #1506110565 | SL:1.35471 TP:1.15404
[2026.04.01 00:45:12] P0_AUTOCLOSE_TRIGGER | MT4#272989487 | AUDCHF | 0.02 lots >= Phase0CloseTriggerLot — closing Phase 0 positions.
[2026.04.01 00:45:12] P0_CLOSE_DONE | MT4#0 | AUDCHF | Phase 0 close complete. 0 position(s) closed.
[2026.04.01 00:45:12] AUTOCLOSE_EVENT | MT4#0 |  | Phase 0 autoclose count in window: 2 / 3
[2026.04.01 00:45:14] OPENED | MT4#272989487 | AUDCHF | P1 MT5 pos #1506112243 | SELL AUDCHF.s | Lots:0.03 | L2 | Group:FOREX | SL:0.00000 TP:0.00000
[2026.04.01 00:45:17] INFO | MT4#272605551 | AUDCHF | MODIFY deferred — MT5 pos #1503708764 not yet visible. Will retry (10 attempts).
[2026.04.01 00:45:17] MODIFIED | MT4#272989487 | AUDCHF.s | MT5 #1506112243 | SL:0.74990 TP:0.55123
[2026.04.01 00:45:18] INFO | MT4#272605551 | AUDCHF | Deferred MODIFY retry — MT5 pos #1503708764 still not visible. 9 attempts left.
[2026.04.01 00:45:21] INFO | MT4#272605551 | AUDCHF | Deferred MODIFY retry — MT5 pos #1503708764 still not visible. 6 attempts left.
[2026.04.01 00:45:24] INFO | MT4#272605551 | AUDCHF | Deferred MODIFY retry — MT5 pos #1503708764 still not visible. 3 attempts left.
[2026.04.01 00:45:27] INFO | MT4#272605551 | AUDCHF.s | === DIAG START === storedTicket=1503708764 | PositionSelectByTicket=NO
[2026.04.01 00:45:27] INFO | MT4#272605551 | AUDCHF.s | PositionsTotal()=7 | MagicFilter=98765 | ExpectedSymbol=AUDCHF.s
[2026.04.01 00:45:27] INFO | MT4#272605551 | AUDCHF.s |   POS[0] ticket=989356270 ident=989356270 sym=EURGBP.s magic=98765 type=SELL lots=0.03 SL=1.06583 TP=0.87099
[2026.04.01 00:45:27] INFO | MT4#272605551 | AUDCHF.s |   POS[1] ticket=1504546664 ident=1504546664 sym=EURCHF.s magic=98765 type=SELL lots=0.03 SL=1.11894 TP=0.92302
[2026.04.01 00:45:27] INFO | MT4#272605551 | AUDCHF.s |   POS[2] ticket=1505145238 ident=1505145238 sym=EURGBP.s magic=98765 type=SELL lots=0.04 SL=1.06583 TP=0.87099
[2026.04.01 00:45:27] INFO | MT4#272605551 | AUDCHF.s |   POS[3] ticket=1505415750 ident=1505415750 sym=EURCHF.s magic=98765 type=SELL lots=0.04 SL=1.11894 TP=0.92302
[2026.04.01 00:45:27] INFO | MT4#272605551 | AUDCHF.s |   POS[5] ticket=1506110565 ident=1506110565 sym=EURUSD.s magic=98765 type=SELL lots=0.01 SL=1.35471 TP=1.15404
[2026.04.01 00:45:27] INFO | MT4#272605551 | AUDCHF.s |   POS[6] ticket=1506112243 ident=1506112243 sym=AUDCHF.s magic=98765 type=SELL lots=0.03 SL=0.74990 TP=0.55123
[2026.04.01 00:45:27] INFO | MT4#272605551 | AUDCHF.s |   No matching deals found in last 5 minutes.
[2026.04.01 00:45:27] INFO | MT4#272605551 | AUDCHF.s | === DIAG END ===
[2026.04.01 00:45:27] INFO | MT4#272605551 | AUDCHF | Deferred MODIFY: MT5 pos #1503708764 not visible after all retries — MODIFY dropped. Position left intact.
[2026.04.01 00:46:22] INFO | MT4#272988803 | EURUSD | P0 MT5 pos #1506110565 not found — may have closed via SL/TP.
[2026.04.01 00:46:22] SLOT_FREE | MT4#272988803 | EURUSD | Phase 0 slot freed for EURUSD.
[2026.04.01 01:45:03] OPENED | MT4#273070576 | XAUUSD | P0 MT5 pos #1506576052 | SELL XAUUSD.s | Lots:0.01 | L1 | Group:GOLD | SL:0.00000 TP:0.00000
[2026.04.01 01:45:03] MODIFIED | MT4#273070576 | XAUUSD.s | MT5 #1506576052 | SL:4860.30000 TP:4659.63000
[2026.04.01 01:45:39] INFO | MT4#273070576 | XAUUSD | P0 MT5 pos #1506576052 not found — may have closed via SL/TP.
[2026.04.01 01:45:39] SLOT_FREE | MT4#273070576 | XAUUSD | Phase 0 slot freed for XAUUSD.
[2026.04.01 03:15:02] OPENED | MT4#273132782 | XAUUSD | P0 MT5 pos #1506971047 | SELL XAUUSD.s | Lots:0.01 | L1 | Group:GOLD | SL:0.00000 TP:0.00000
[2026.04.01 03:15:03] MODIFIED | MT4#273132782 | XAUUSD.s | MT5 #1506971047 | SL:4871.59000 TP:4670.92000
[2026.04.01 03:17:42] INFO | MT4#273132782 | XAUUSD | P0 MT5 pos #1506971047 not found — may have closed via SL/TP.
[2026.04.01 03:17:42] SLOT_FREE | MT4#273132782 | XAUUSD | Phase 0 slot freed for XAUUSD.
[2026.04.01 05:06:12] MODIFIED | MT4#270578588 | EURGBP.s | MT5 #989356270 | SL:1.06583 TP:0.87101
[2026.04.01 05:06:12] MODIFIED | MT4#272838657 | EURGBP.s | MT5 #1505145238 | SL:1.06583 TP:0.87101
[2026.04.01 05:06:37] INFO | MT4#272605551 | AUDCHF | MODIFY deferred — MT5 pos #1503708764 not yet visible. Will retry (10 attempts).
[2026.04.01 05:06:37] INFO | MT4#272989487 | AUDCHF | MODIFY deferred — MT5 pos #1506112243 not yet visible. Will retry (10 attempts).
[2026.04.01 05:06:38] INFO | MT4#272605551 | AUDCHF | Deferred MODIFY retry — MT5 pos #1503708764 still not visible. 9 attempts left.
[2026.04.01 05:06:38] INFO | MT4#272989487 | AUDCHF | Deferred MODIFY retry — MT5 pos #1506112243 still not visible. 9 attempts left.
[2026.04.01 05:06:41] INFO | MT4#272605551 | AUDCHF | Deferred MODIFY retry — MT5 pos #1503708764 still not visible. 6 attempts left.
[2026.04.01 05:06:41] INFO | MT4#272989487 | AUDCHF | Deferred MODIFY retry — MT5 pos #1506112243 still not visible. 6 attempts left.
[2026.04.01 05:06:44] INFO | MT4#272605551 | AUDCHF | Deferred MODIFY retry — MT5 pos #1503708764 still not visible. 3 attempts left.
[2026.04.01 05:06:44] INFO | MT4#272989487 | AUDCHF | Deferred MODIFY retry — MT5 pos #1506112243 still not visible. 3 attempts left.
[2026.04.01 05:06:47] INFO | MT4#272605551 | AUDCHF.s | === DIAG START === storedTicket=1503708764 | PositionSelectByTicket=NO
[2026.04.01 05:06:47] INFO | MT4#272605551 | AUDCHF.s | PositionsTotal()=5 | MagicFilter=98765 | ExpectedSymbol=AUDCHF.s
[2026.04.01 05:06:47] INFO | MT4#272605551 | AUDCHF.s |   POS[0] ticket=989356270 ident=989356270 sym=EURGBP.s magic=98765 type=SELL lots=0.03 SL=1.06583 TP=0.87101
[2026.04.01 05:06:47] INFO | MT4#272605551 | AUDCHF.s |   POS[1] ticket=1504546664 ident=1504546664 sym=EURCHF.s magic=98765 type=SELL lots=0.03 SL=1.11894 TP=0.92302
[2026.04.01 05:06:47] INFO | MT4#272605551 | AUDCHF.s |   POS[2] ticket=1505145238 ident=1505145238 sym=EURGBP.s magic=98765 type=SELL lots=0.04 SL=1.06583 TP=0.87101
[2026.04.01 05:06:47] INFO | MT4#272605551 | AUDCHF.s |   POS[3] ticket=1505415750 ident=1505415750 sym=EURCHF.s magic=98765 type=SELL lots=0.04 SL=1.11894 TP=0.92302
[2026.04.01 05:06:47] INFO | MT4#272605551 | AUDCHF.s |   No matching deals found in last 5 minutes.
[2026.04.01 05:06:47] INFO | MT4#272605551 | AUDCHF.s | === DIAG END ===
[2026.04.01 05:06:47] INFO | MT4#272605551 | AUDCHF | Deferred MODIFY: MT5 pos #1503708764 not visible after all retries — MODIFY dropped. Position left intact.
[2026.04.01 05:06:47] INFO | MT4#272989487 | AUDCHF.s | === DIAG START === storedTicket=1506112243 | PositionSelectByTicket=NO
[2026.04.01 05:06:47] INFO | MT4#272989487 | AUDCHF.s | PositionsTotal()=5 | MagicFilter=98765 | ExpectedSymbol=AUDCHF.s
[2026.04.01 05:06:47] INFO | MT4#272989487 | AUDCHF.s |   POS[0] ticket=989356270 ident=989356270 sym=EURGBP.s magic=98765 type=SELL lots=0.03 SL=1.06583 TP=0.87101
[2026.04.01 05:06:47] INFO | MT4#272989487 | AUDCHF.s |   POS[1] ticket=1504546664 ident=1504546664 sym=EURCHF.s magic=98765 type=SELL lots=0.03 SL=1.11894 TP=0.92302
[2026.04.01 05:06:47] INFO | MT4#272989487 | AUDCHF.s |   POS[2] ticket=1505145238 ident=1505145238 sym=EURGBP.s magic=98765 type=SELL lots=0.04 SL=1.06583 TP=0.87101
[2026.04.01 05:06:47] INFO | MT4#272989487 | AUDCHF.s |   POS[3] ticket=1505415750 ident=1505415750 sym=EURCHF.s magic=98765 type=SELL lots=0.04 SL=1.11894 TP=0.92302
[2026.04.01 05:06:47] INFO | MT4#272989487 | AUDCHF.s |   No matching deals found in last 5 minutes.
[2026.04.01 05:06:47] INFO | MT4#272989487 | AUDCHF.s | === DIAG END ===
[2026.04.01 05:06:47] INFO | MT4#272989487 | AUDCHF | Deferred MODIFY: MT5 pos #1506112243 not visible after all retries — MODIFY dropped. Position left intact.
[2026.04.01 05:07:06] MODIFIED | MT4#272740854 | EURCHF.s | MT5 #1504546664 | SL:1.11894 TP:0.92292
[2026.04.01 05:07:06] MODIFIED | MT4#272881595 | EURCHF.s | MT5 #1505415750 | SL:1.11894 TP:0.92292
[2026.04.01 07:30:03] OPENED | MT4#273261685 | EURUSD | P0 MT5 pos #1507704695 | SELL EURUSD.s | Lots:0.01 | L1 | Group:FOREX | SL:0.00000 TP:0.00000
[2026.04.01 07:30:03] MODIFIED | MT4#273261685 | EURUSD.s | MT5 #1507704695 | SL:1.35664 TP:1.15597
[2026.04.01 08:00:03] OPENED | MT4#273277972 | XAUUSD | P0 MT5 pos #1507788633 | SELL XAUUSD.s | Lots:0.01 | L1 | Group:GOLD | SL:0.00000 TP:0.00000
[2026.04.01 08:00:03] MODIFIED | MT4#273277972 | XAUUSD.s | MT5 #1507788633 | SL:4895.49000 TP:4694.82000
[2026.04.01 08:00:15] SKIP | MT4#273278340 | GBPAUD | Phase 0 pair limit reached (3).
[2026.04.01 08:00:24] INFO | MT4#273277972 | XAUUSD | P0 MT5 pos #1507788633 not found — may have closed via SL/TP.
[2026.04.01 08:00:24] SLOT_FREE | MT4#273277972 | XAUUSD | Phase 0 slot freed for XAUUSD.
[2026.04.01 08:00:32] OPENED | MT4#273278738 | USDCAD | P0 MT5 pos #1507790594 | BUY USDCAD.s | Lots:0.01 | L1 | Group:FOREX | SL:0.00000 TP:0.00000
[2026.04.01 08:00:32] MODIFIED | MT4#273278738 | USDCAD.s | MT5 #1507790594 | SL:1.19070 TP:1.39139
[2026.04.01 08:00:42] SKIP | MT4#273279074 | AUDCAD | Phase 0 pair limit reached (3).
[2026.04.01 08:01:01] SKIP | MT4#273279471 | AUDUSD | Phase 0 pair limit reached (3).
[2026.04.01 08:01:30] SKIP | MT4#273280189 | NZDUSD | Phase 0 pair limit reached (3).
[2026.04.01 08:15:01] SKIP | MT4#273292524 | XAUUSD | Phase 0 pair limit reached (3).
[2026.04.01 08:30:04] OPENED | MT4#273309836 | XAUUSD | P1 MT5 pos #1507966622 | SELL XAUUSD.s | Lots:0.01 | L2 | Group:GOLD | SL:0.00000 TP:0.00000
[2026.04.01 08:30:08] MODIFIED | MT4#273309836 | XAUUSD.s | MT5 #1507966622 | SL:4903.30000 TP:4715.91000
[2026.04.01 08:31:08] SKIP | MT4#273310884 | USDCHF | Phase 0 pair limit reached (3).
[2026.04.01 08:32:16] INFO | MT4#273309836 | XAUUSD | P1 MT5 pos #1507966622 not found — may have closed via SL/TP.
[2026.04.01 08:32:16] SLOT_FREE | MT4#273309836 | XAUUSD | Phase 1 slot freed for XAUUSD.
[2026.04.01 08:40:58] INFO | MT4#272740854 | EURCHF | P1 MT5 pos #1504546664 not found — may have closed via SL/TP.
[2026.04.01 08:40:58] INFO | MT4#272881595 | EURCHF | P1 MT5 pos #1505415750 not found — may have closed via SL/TP.
[2026.04.01 08:40:58] SLOT_FREE | MT4#272881595 | EURCHF | Phase 1 slot freed for EURCHF.
[2026.04.01 09:15:25] SKIP | MT4#273366307 | EURAUD | Phase 0 pair limit reached (3).
[2026.04.01 09:30:20] OPENED | MT4#273381205 | GBPAUD | P1 MT5 pos #1508445334 | BUY GBPAUD.s | Lots:0.03 | L2 | Group:FOREX | SL:0.00000 TP:0.00000
[2026.04.01 09:30:23] MODIFIED | MT4#273381205 | GBPAUD.s | MT5 #1508445334 | SL:1.71440 TP:1.91231
[2026.04.01 09:36:19] INFO | MT4#273381205 | GBPAUD | P1 MT5 pos #1508445334 not found — may have closed via SL/TP.
[2026.04.01 09:36:19] SLOT_FREE | MT4#273381205 | GBPAUD | Phase 1 slot freed for GBPAUD.
[2026.04.01 09:38:14] INFO | MT4#273261685 | EURUSD | P0 MT5 pos #1507704695 not found — may have closed via SL/TP.
[2026.04.01 09:38:14] SLOT_FREE | MT4#273261685 | EURUSD | Phase 0 slot freed for EURUSD.
--- ShadowTechnique stopped. Reason: 5 ---
--- ShadowTechnique started: 2026.04.01 09:40 ---
--- ShadowTechnique stopped. Reason: 5 ---
--- ShadowTechnique started: 2026.04.01 09:43 ---
--- ShadowTechnique stopped. Reason: 2 ---
--- ShadowTechnique started: 2026.04.01 10:00 ---
--- ShadowTechnique stopped. Reason: 5 ---
--- ShadowTechnique started: 2026.04.01 10:03 ---
[2026.04.01 11:15:10] OPENED | MT4#273459505 | EURNZD | P0 MT5 pos #1509407951 | SELL EURNZD.s | Lots:0.01 | L1 | Group:FOREX | SL:0.00000 TP:0.00000
[2026.04.01 11:15:10] MODIFIED | MT4#273459505 | EURNZD.s | MT5 #1509407951 | SL:2.21628 TP:2.01557
[2026.04.01 11:28:11] INFO | MT4#272605551 | AUDCHF | P0 MT5 pos #1503708764 not found — may have closed via SL/TP.
[2026.04.01 11:28:11] SLOT_FREE | MT4#272605551 | AUDCHF | Phase 0 slot freed for AUDCHF.
[2026.04.01 11:28:11] INFO | MT4#272989487 | AUDCHF | P1 MT5 pos #1506112243 not found — may have closed via SL/TP.
[2026.04.01 11:28:11] SLOT_FREE | MT4#272989487 | AUDCHF | Phase 1 slot freed for AUDCHF.
[2026.04.01 13:04:01] INFO | MT4#273459505 | EURNZD | P0 MT5 pos #1509407951 not found — may have closed via SL/TP.
[2026.04.01 13:04:01] SLOT_FREE | MT4#273459505 | EURNZD | Phase 0 slot freed for EURNZD.
[2026.04.01 13:45:03] OPENED | MT4#273538074 | GBPUSD | P0 MT5 pos #1510355139 | SELL GBPUSD.s | Lots:0.01 | L1 | Group:FOREX | SL:0.00000 TP:0.00000
[2026.04.01 13:45:03] MODIFIED | MT4#273538074 | GBPUSD.s | MT5 #1510355139 | SL:1.52615 TP:1.32548
[2026.04.01 14:15:07] OPENED | MT4#273561403 | GBPCAD | P0 MT5 pos #1510619994 | SELL GBPCAD.s | Lots:0.01 | L1 | Group:FOREX | SL:0.00000 TP:0.00000
[2026.04.01 14:15:08] MODIFIED | MT4#273561403 | GBPCAD.s | MT5 #1510619994 | SL:2.04482 TP:1.84413
[2026.04.01 14:30:02] OPENED | MT4#273577272 | EURUSD | P0 MT5 pos #1510820620 | SELL EURUSD.s | Lots:0.01 | L1 | Group:FOREX | SL:0.00000 TP:0.00000
[2026.04.01 14:30:03] MODIFIED | MT4#273577272 | EURUSD.s | MT5 #1510820620 | SL:1.35869 TP:1.15802
[2026.04.01 14:30:14] OPENED | MT4#273577637 | EURCAD | P0 MT5 pos #1510825084 | SELL EURCAD.s | Lots:0.01 | L1 | Group:FOREX | SL:0.00000 TP:0.00000
[2026.04.01 14:30:14] MODIFIED | MT4#273577637 | EURCAD.s | MT5 #1510825084 | SL:1.81014 TP:1.60945
[2026.04.01 14:30:28] SKIP | MT4#273578376 | NZDUSD | Phase 0 pair limit reached (5).
[2026.04.01 14:30:48] SKIP | MT4#273578892 | EURCHF | Phase 0 pair limit reached (5).
[2026.04.01 14:45:58] SKIP | MT4#273590777 | NZDCAD | Phase 0 pair limit reached (5).
[2026.04.01 14:50:25] INFO | MT4#273577637 | EURCAD | P0 MT5 pos #1510825084 not found — may have closed via SL/TP.
[2026.04.01 14:50:25] SLOT_FREE | MT4#273577637 | EURCAD | Phase 0 slot freed for EURCAD.
[2026.04.01 15:00:02] OPENED | MT4#273605876 | XAUUSD | P0 MT5 pos #1511137530 | SELL XAUUSD.s | Lots:0.01 | L1 | Group:GOLD | SL:0.00000 TP:0.00000
[2026.04.01 15:00:03] MODIFIED | MT4#273605876 | XAUUSD.s | MT5 #1511137530 | SL:4930.64000 TP:4729.97000
[2026.04.01 15:00:09] SKIP | MT4#273606282 | EURNZD | Phase 0 pair limit reached (5).
[2026.04.01 15:00:17] INFO | MT4#273605876 | XAUUSD | P0 MT5 pos #1511137530 not found — may have closed via SL/TP.
[2026.04.01 15:00:17] SLOT_FREE | MT4#273605876 | XAUUSD | Phase 0 slot freed for XAUUSD.
[2026.04.01 15:00:22] OPENED | MT4#273606578 | AUDCAD | P0 MT5 pos #1511141599 | SELL AUDCAD.s | Lots:0.01 | L1 | Group:FOREX | SL:0.00000 TP:0.00000
[2026.04.01 15:00:23] MODIFIED | MT4#273606578 | AUDCAD.s | MT5 #1511141599 | SL:1.16463 TP:0.96394
[2026.04.01 15:00:26] SKIP | MT4#273606809 | EURAUD | Phase 0 pair limit reached (5).
[2026.04.01 15:10:31] INFO | MT4#273606578 | AUDCAD | P0 MT5 pos #1511141599 not found — may have closed via SL/TP.
[2026.04.01 15:10:31] SLOT_FREE | MT4#273606578 | AUDCAD | Phase 0 slot freed for AUDCAD.
[2026.04.01 15:30:31] OPENED | MT4#273631743 | GBPCHF | P0 MT5 pos #1511370975 | BUY GBPCHF.s | Lots:0.01 | L1 | Group:FOREX | SL:0.00000 TP:0.00000
[2026.04.01 15:30:32] MODIFIED | MT4#273631743 | GBPCHF.s | MT5 #1511370975 | SL:0.85433 TP:1.05499
[2026.04.01 15:49:53] INFO | MT4#273577272 | EURUSD | P0 MT5 pos #1510820620 not found — may have closed via SL/TP.
[2026.04.01 15:49:53] SLOT_FREE | MT4#273577272 | EURUSD | Phase 0 slot freed for EURUSD.
[2026.04.01 16:30:02] OPENED | MT4#273704139 | EURUSD | P0 MT5 pos #1512103089 | SELL EURUSD.s | Lots:0.01 | L1 | Group:FOREX | SL:0.00000 TP:0.00000
[2026.04.01 16:30:02] MODIFIED | MT4#273704139 | EURUSD.s | MT5 #1512103089 | SL:1.36009 TP:1.15942
--- ShadowTechnique stopped. Reason: 5 ---
--- ShadowTechnique started: 2026.04.01 16:41 ---
[2026.04.01 16:45:14] SKIP | MT4#273717319 | EURCAD | Phase 0 pair limit reached (5).
[2026.04.01 17:15:21] INFO | MT4#273704139 | EURUSD | P0 MT5 pos #1512103089 not found — may have closed via SL/TP.
[2026.04.01 17:15:21] SLOT_FREE | MT4#273704139 | EURUSD | Phase 0 slot freed for EURUSD.
[2026.04.01 18:15:01] P0_AUTOCLOSE_TRIGGER | MT4#273770395 | GBPUSD | 0.02 lots >= Phase0CloseTriggerLot — closing Phase 0 positions.
[2026.04.01 18:15:01] P0_CLOSED | MT4#0 | GBPUSD.s | Position #1510355139 closed (Phase 0 autoclose).
[2026.04.01 18:15:01] P0_CLOSE_DONE | MT4#0 | GBPUSD | Phase 0 close complete. 1 position(s) closed.
[2026.04.01 18:15:01] AUTOCLOSE_EVENT | MT4#0 |  | Phase 0 autoclose count in window: 3 / 5
[2026.04.01 18:15:03] OPENED | MT4#273770395 | GBPUSD | P1 MT5 pos #1512730007 | SELL GBPUSD.s | Lots:0.02 | L2 | Group:FOREX | SL:0.00000 TP:0.00000
[2026.04.01 18:15:06] MODIFIED | MT4#273770395 | GBPUSD.s | MT5 #1512730007 | SL:1.52615 TP:1.32889
[2026.04.01 18:15:45] INFO | MT4#273631743 | GBPCHF | P0 MT5 pos #1511370975 not found — may have closed via SL/TP.
[2026.04.01 18:15:45] SLOT_FREE | MT4#273631743 | GBPCHF | Phase 0 slot freed for GBPCHF.
--- ShadowTechnique stopped. Reason: 5 ---
--- ShadowTechnique started: 2026.04.01 18:39 ---
[2026.04.01 19:15:06] P0_AUTOCLOSE_TRIGGER | MT4#273809613 | GBPCAD | 0.02 lots >= Phase0CloseTriggerLot — closing Phase 0 positions.
[2026.04.01 19:15:07] P0_CLOSED | MT4#0 | GBPCAD.s | Position #1510619994 closed (Phase 0 autoclose).
[2026.04.01 19:15:07] P0_CLOSE_DONE | MT4#0 | GBPCAD | Phase 0 close complete. 1 position(s) closed.
[2026.04.01 19:15:07] AUTOCLOSE_EVENT | MT4#0 |  | Phase 0 autoclose count in window: 4 / 5
[2026.04.01 19:15:07] SKIP | MT4#273809613 | GBPCAD | Phase 1 pair limit reached (3).
